// Jest Snapshot v1, https://goo.gl/fbAQLP

exports[`Divider Component Render Component render 1`] = `
<View
  style={
    {
      "gap": 4,
    }
  }
>
  <View
    accessibilityState={
      {
        "busy": undefined,
        "checked": undefined,
        "disabled": undefined,
        "expanded": undefined,
        "selected": undefined,
      }
    }
    accessibilityValue={
      {
        "max": undefined,
        "min": undefined,
        "now": undefined,
        "text": undefined,
      }
    }
    accessible={true}
    collapsable={false}
    focusable={true}
    onClick={[Function]}
    onResponderGrant={[Function]}
    onResponderMove={[Function]}
    onResponderRelease={[Function]}
    onResponderTerminate={[Function]}
    onResponderTerminationRequest={[Function]}
    onStartShouldSetResponder={[Function]}
    style={
      {
        "alignItems": "center",
        "backgroundColor": "#E8F2FB",
        "borderRadius": 8,
        "flexDirection": "row",
        "gap": 10,
        "opacity": 1,
        "padding": 12,
      }
    }
  >
    <View
      style={
        [
          {
            "alignItems": "center",
            "borderColor": "#E2E8F0",
            "borderWidth": 1,
            "justifyContent": "center",
          },
          {
            "borderRadius": 10,
            "height": 20,
            "width": 20,
          },
          {
            "borderColor": "#0370CE",
          },
          undefined,
        ]
      }
      testID="radioButton"
    >
      <View
        style={
          {
            "backgroundColor": "#0370CE",
            "borderRadius": 5,
            "height": 10,
            "width": 10,
          }
        }
        testID="innerRadioButton"
      />
    </View>
    <Text
      style={
        {
          "fontSize": 16,
          "textTransform": "capitalize",
        }
      }
    >
      ADMIN
    </Text>
  </View>
  <View
    accessibilityState={
      {
        "busy": undefined,
        "checked": undefined,
        "disabled": undefined,
        "expanded": undefined,
        "selected": undefined,
      }
    }
    accessibilityValue={
      {
        "max": undefined,
        "min": undefined,
        "now": undefined,
        "text": undefined,
      }
    }
    accessible={true}
    collapsable={false}
    focusable={true}
    onClick={[Function]}
    onResponderGrant={[Function]}
    onResponderMove={[Function]}
    onResponderRelease={[Function]}
    onResponderTerminate={[Function]}
    onResponderTerminationRequest={[Function]}
    onStartShouldSetResponder={[Function]}
    style={
      {
        "alignItems": "center",
        "borderRadius": 8,
        "flexDirection": "row",
        "gap": 10,
        "opacity": 1,
        "padding": 12,
      }
    }
  >
    <View
      style={
        [
          {
            "alignItems": "center",
            "borderColor": "#E2E8F0",
            "borderWidth": 1,
            "justifyContent": "center",
          },
          {
            "borderRadius": 10,
            "height": 20,
            "width": 20,
          },
          false,
          undefined,
        ]
      }
      testID="radioButton"
    />
    <Text
      style={
        {
          "fontSize": 16,
          "textTransform": "capitalize",
        }
      }
    >
      MANAGER
    </Text>
  </View>
</View>
`;

exports[`Divider Component Render renders correctly 1`] = `
<View
  style={
    {
      "gap": 4,
    }
  }
>
  <View
    accessibilityState={
      {
        "busy": undefined,
        "checked": undefined,
        "disabled": undefined,
        "expanded": undefined,
        "selected": undefined,
      }
    }
    accessibilityValue={
      {
        "max": undefined,
        "min": undefined,
        "now": undefined,
        "text": undefined,
      }
    }
    accessible={true}
    collapsable={false}
    focusable={true}
    onClick={[Function]}
    onResponderGrant={[Function]}
    onResponderMove={[Function]}
    onResponderRelease={[Function]}
    onResponderTerminate={[Function]}
    onResponderTerminationRequest={[Function]}
    onStartShouldSetResponder={[Function]}
    style={
      {
        "alignItems": "center",
        "backgroundColor": "#E8F2FB",
        "borderRadius": 8,
        "flexDirection": "row",
        "gap": 10,
        "opacity": 1,
        "padding": 12,
      }
    }
  >
    <View
      style={
        [
          {
            "alignItems": "center",
            "borderColor": "#E2E8F0",
            "borderWidth": 1,
            "justifyContent": "center",
          },
          {
            "borderRadius": 10,
            "height": 20,
            "width": 20,
          },
          {
            "borderColor": "#0370CE",
          },
          undefined,
        ]
      }
      testID="radioButton"
    >
      <View
        style={
          {
            "backgroundColor": "#0370CE",
            "borderRadius": 5,
            "height": 10,
            "width": 10,
          }
        }
        testID="innerRadioButton"
      />
    </View>
    <Text
      style={
        {
          "fontSize": 16,
          "textTransform": "capitalize",
        }
      }
    >
      ADMIN
    </Text>
  </View>
  <View
    accessibilityState={
      {
        "busy": undefined,
        "checked": undefined,
        "disabled": undefined,
        "expanded": undefined,
        "selected": undefined,
      }
    }
    accessibilityValue={
      {
        "max": undefined,
        "min": undefined,
        "now": undefined,
        "text": undefined,
      }
    }
    accessible={true}
    collapsable={false}
    focusable={true}
    onClick={[Function]}
    onResponderGrant={[Function]}
    onResponderMove={[Function]}
    onResponderRelease={[Function]}
    onResponderTerminate={[Function]}
    onResponderTerminationRequest={[Function]}
    onStartShouldSetResponder={[Function]}
    style={
      {
        "alignItems": "center",
        "borderRadius": 8,
        "flexDirection": "row",
        "gap": 10,
        "opacity": 1,
        "padding": 12,
      }
    }
  >
    <View
      style={
        [
          {
            "alignItems": "center",
            "borderColor": "#E2E8F0",
            "borderWidth": 1,
            "justifyContent": "center",
          },
          {
            "borderRadius": 10,
            "height": 20,
            "width": 20,
          },
          false,
          undefined,
        ]
      }
      testID="radioButton"
    />
    <Text
      style={
        {
          "fontSize": 16,
          "textTransform": "capitalize",
        }
      }
    >
      MANAGER
    </Text>
  </View>
</View>
`;

exports[`Divider Component Snapshot matches 1`] = `
<View
  style={
    {
      "gap": 4,
    }
  }
>
  <View
    accessibilityState={
      {
        "busy": undefined,
        "checked": undefined,
        "disabled": undefined,
        "expanded": undefined,
        "selected": undefined,
      }
    }
    accessibilityValue={
      {
        "max": undefined,
        "min": undefined,
        "now": undefined,
        "text": undefined,
      }
    }
    accessible={true}
    collapsable={false}
    focusable={true}
    onClick={[Function]}
    onResponderGrant={[Function]}
    onResponderMove={[Function]}
    onResponderRelease={[Function]}
    onResponderTerminate={[Function]}
    onResponderTerminationRequest={[Function]}
    onStartShouldSetResponder={[Function]}
    style={
      {
        "alignItems": "center",
        "backgroundColor": "#E8F2FB",
        "borderRadius": 8,
        "flexDirection": "row",
        "gap": 10,
        "opacity": 1,
        "padding": 12,
      }
    }
  >
    <View
      style={
        [
          {
            "alignItems": "center",
            "borderColor": "#E2E8F0",
            "borderWidth": 1,
            "justifyContent": "center",
          },
          {
            "borderRadius": 10,
            "height": 20,
            "width": 20,
          },
          {
            "borderColor": "#0370CE",
          },
          undefined,
        ]
      }
      testID="radioButton"
    >
      <View
        style={
          {
            "backgroundColor": "#0370CE",
            "borderRadius": 5,
            "height": 10,
            "width": 10,
          }
        }
        testID="innerRadioButton"
      />
    </View>
    <Text
      style={
        {
          "fontSize": 16,
          "textTransform": "capitalize",
        }
      }
    >
      ADMIN
    </Text>
  </View>
  <View
    accessibilityState={
      {
        "busy": undefined,
        "checked": undefined,
        "disabled": undefined,
        "expanded": undefined,
        "selected": undefined,
      }
    }
    accessibilityValue={
      {
        "max": undefined,
        "min": undefined,
        "now": undefined,
        "text": undefined,
      }
    }
    accessible={true}
    collapsable={false}
    focusable={true}
    onClick={[Function]}
    onResponderGrant={[Function]}
    onResponderMove={[Function]}
    onResponderRelease={[Function]}
    onResponderTerminate={[Function]}
    onResponderTerminationRequest={[Function]}
    onStartShouldSetResponder={[Function]}
    style={
      {
        "alignItems": "center",
        "borderRadius": 8,
        "flexDirection": "row",
        "gap": 10,
        "opacity": 1,
        "padding": 12,
      }
    }
  >
    <View
      style={
        [
          {
            "alignItems": "center",
            "borderColor": "#E2E8F0",
            "borderWidth": 1,
            "justifyContent": "center",
          },
          {
            "borderRadius": 10,
            "height": 20,
            "width": 20,
          },
          false,
          undefined,
        ]
      }
      testID="radioButton"
    />
    <Text
      style={
        {
          "fontSize": 16,
          "textTransform": "capitalize",
        }
      }
    >
      MANAGER
    </Text>
  </View>
</View>
`;
